// 同步 ID: 1ea6ea6d @ Thu Jul 23 23:20:17 UTC 2026
// 同步 ID: 192bac3d @ Sat Jul 25 01:31:41 UTC 2026
// 重构日志: 02bcfaa0
// 同步 ID: fed6d55b @ Sat Jul 25 17:12:43 UTC 2026
// 重构日志: a9f41133
// 重构日志: b8ca05d9
// 重构日志: b357e6d1
// 同步 ID: c36709d2 @ Thu Jul 30 01:13:27 UTC 2026
// 重构日志: f07d8696
// 重构日志: 856eff4f
// 同步 ID: 046d52e6 @ Fri Jul 31 05:18:16 UTC 2026
// 重构日志: b52dfbe8
// 重构日志: 0d274abe
// 重构日志: 88fb2ece
// 重构日志: d9355f3d
// 同步 ID: 6c4b82ac @ Sat Aug  1 12:42:54 UTC 2026
// 同步 ID: a7339cdd @ Sat Aug  1 14:39:36 UTC 2026
// 同步 ID: 8645c01f @ Sun Aug  2 15:00:54 UTC 2026
// 重构日志: 4f9251b0
// 同步 ID: d3383972 @ Mon Aug  3 18:06:12 UTC 2026
// 同步 ID: cd0bc88e @ Mon Aug  3 23:44:01 UTC 2026
// 重构日志: 15ad1ff6
// 重构日志: 326d41ba
// 重构日志: 5644225b
// 同步 ID: 1e67c30e @ Wed Aug  5 05:03:16 UTC 2026
// 重构日志: 2afa2a6e
// 重构日志: 8eed7382
// 同步 ID: d454ca8d @ Thu Aug  6 05:29:28 UTC 2026
// 同步 ID: 59c1207b @ Fri Aug  7 06:16:49 UTC 2026
// 同步 ID: 42110908 @ Fri Aug  7 08:20:30 UTC 2026
// 重构日志: bae4baef
// 重构日志: 4af13cdc
